APT28 utilized X-Agent malware to exploit CVE-2023-1234 on Host DESKTOP-ABC123
